src/components/home/featured-collections.tsx(30,21): error TS2322: Type '{ title: string; description: string | undefined; className: string; centered: boolean; }' is not assignable to type 'IntrinsicAttributes & HeadingProps'.
  Property 'centered' does not exist on type 'IntrinsicAttributes & HeadingProps'.
src/components/home/featured-products.tsx(28,21): error TS2322: Type '{ title: string; description: string | undefined; className: string; centered: boolean; }' is not assignable to type 'IntrinsicAttributes & HeadingProps'.
  Property 'centered' does not exist on type 'IntrinsicAttributes & HeadingProps'.
src/lib/actions/contact-actions.ts(24,33): error TS2339: Property 'errors' does not exist on type 'ZodError<{ name: string; email: string; message: string; }>'.
src/lib/actions/contact-actions.ts(34,14): error TS2769: No overload matches this call.
  Overload 1 of 2, '(values: never, options?: { count?: "exact" | "planned" | "estimated" | undefined; } | undefined): PostgrestFilterBuilder<{ PostgrestVersion: "12"; }, never, never, null, "contact_submissions", never, "POST">', gave the following error.
    Argument of type '{ name: string; email: string; message: string; status: string; }' is not assignable to parameter of type 'never'.
  Overload 2 of 2, '(values: never[], options?: { count?: "exact" | "planned" | "estimated" | undefined; defaultToNull?: boolean | undefined; } | undefined): PostgrestFilterBuilder<{ PostgrestVersion: "12"; }, never, never, null, "contact_submissions", never, "POST">', gave the following error.
    Object literal may only specify known properties, and 'name' does not exist in type 'never[]'.
